[{"path":"annotationTest.java","fileType":"code","lines":[{"lineNumber":1,"author":{"gitId":"Eugene Peh"},"content":"fake all the lines in this file is writtened by fakeAuthor"},{"lineNumber":2,"author":{"gitId":"Eugene Peh"},"content":"fake"},{"lineNumber":3,"author":{"gitId":"Eugene Peh"},"content":"fake"},{"lineNumber":4,"author":{"gitId":"Eugene Peh"},"content":"fake"},{"lineNumber":5,"author":{"gitId":"-"},"content":"//@@author harryggg"},{"lineNumber":6,"author":{"gitId":"-"},"content":"line 1"},{"lineNumber":7,"author":{"gitId":"-"},"content":"line 2"},{"lineNumber":8,"author":{"gitId":"-"},"content":"line 3"},{"lineNumber":9,"author":{"gitId":"-"},"content":"//@@author"},{"lineNumber":10,"author":{"gitId":"Eugene Peh"},"content":"fake"},{"lineNumber":11,"author":{"gitId":"Eugene Peh"},"content":"fake"}],"authorContributionMap":{"Eugene Peh":6,"-":5}},{"path":"blameTest.java","fileType":"code","lines":[{"lineNumber":1,"author":{"gitId":"Eugene Peh"},"content":"line 1"},{"lineNumber":2,"author":{"gitId":"Eugene Peh"},"content":"line 2"},{"lineNumber":3,"author":{"gitId":"Eugene Peh"},"content":"fake"},{"lineNumber":4,"author":{"gitId":"Eugene Peh"},"content":"line 3"}],"authorContributionMap":{"Eugene Peh":4}},{"path":"newFile.java","fileType":"code","lines":[{"lineNumber":1,"author":{"gitId":"Eugene Peh"},"content":"line 1"},{"lineNumber":2,"author":{"gitId":"Eugene Peh"},"content":"line 2"}],"authorContributionMap":{"Eugene Peh":2}},{"path":"newPos/movedFile.java","fileType":"code","lines":[{"lineNumber":1,"author":{"gitId":"Eugene Peh"},"content":"line 1"},{"lineNumber":2,"author":{"gitId":"Eugene Peh"},"content":"line 2"},{"lineNumber":3,"author":{"gitId":"Eugene Peh"},"content":"line 3"},{"lineNumber":4,"author":{"gitId":"Eugene Peh"},"content":"line 4"}],"authorContributionMap":{"Eugene Peh":4}}]
