{"authorDailyContributionsMap":{"Eugene Peh":[{"date":"2018-11-08","commitResults":[{"hash":"136c6713fc00cfe79a1598e8ce83c6ef3b878660","messageTitle":"Add config.json with invalid fields (#2)","messageBody":"","fileTypesAndContributionMap":{"code":{"insertions":21,"deletions":0}}}]}]},"authorFileTypeContributionMap":{"Eugene Peh":{"code":16}},"authorContributionVariance":{"Eugene Peh":0.0},"authorDisplayNameMap":{"Eugene Peh":"Eugene Peh"}}
