{"authorDailyContributionsMap":{"bob":[],"alice":[]},"authorFileTypeContributionMap":{"bob":{"code":0},"alice":{"code":0}},"authorContributionVariance":{"bob":0.0,"alice":0.0},"authorDisplayNameMap":{"bob":"bob","alice":"Alice T."}}
